
R version 4.1.2 (2021-11-01) -- "Bird Hippie"
Copyright (C) 2021 The R Foundation for Statistical Computing
Platform: x86_64-pc-linux-gnu (64-bit)

R is free software and comes with ABSOLUTELY NO WARRANTY.
You are welcome to redistribute it under certain conditions.
Type 'license()' or 'licence()' for distribution details.

  Natural language support but running in an English locale

R is a collaborative project with many contributors.
Type 'contributors()' for more information and
'citation()' on how to cite R or R packages in publications.

Type 'demo()' for some demos, 'help()' for on-line help, or
'help.start()' for an HTML browser interface to help.
Type 'q()' to quit R.

> library("devtools")
Loading required package: usethis
> library("foreach")
> library("doParallel")
Loading required package: iterators
Loading required package: parallel
> registerDoParallel(cores=4)
> load_all("../../")
i Loading diffdriver
> i1=1
> i2=0
> i3=200
> Nsim=100
> simuresbase=power_comparebase(binary=TRUE,Nite=Nsim,sgdata=sgdata,bmrpars=log(BMR),Nsample=i3,betaf0=i1,beta_gc=c(i2,Fe),para=c(0.8,0.2),hotseq=hotseq0,hmm=hmm)
[1] "Iteration: 1"
[1] "Iteration: 2"
[1] "Iteration: 3"
[1] "Iteration: 4"
[1] "Iteration: 5"
[1] "Iteration: 6"
[1] "Iteration: 7"
[1] "Iteration: 8"
[1] "Iteration: 9"
[1] "Iteration: 10"
[1] "Iteration: 11"
[1] "Iteration: 12"
[1] "Iteration: 13"
[1] "Iteration: 14"
[1] "Iteration: 15"
[1] "Iteration: 16"
[1] "Iteration: 17"
[1] "Iteration: 18"
[1] "Iteration: 19"
[1] "Iteration: 20"
[1] "Iteration: 21"
[1] "Iteration: 22"
Error in p.inter[-1, ] : incorrect number of dimensions
Calls: power_comparebase -> ddmodel -> dd_squarEM -> <Anonymous> -> squarem2
In addition: There were 21 warnings (use warnings() to see them)
Execution halted
